2025-04-04 05:21:30.710660 - Received CBT.V508.FILE165.PDS from FILE165.XMI 
2025-04-04 05:21:30.712050 - Found $$$$$DOC.txt (text/plain) in CBT.V508.FILE165.PDS, moved to PDS/$$$$$DOC
2025-04-04 05:21:30.712204 - Found $$$#DATE.txt (text/plain) in CBT.V508.FILE165.PDS, moved to PDS/$$$#DATE
2025-04-04 05:21:30.712335 - Found $$COPYRT.txt (text/plain) in CBT.V508.FILE165.PDS, moved to PDS/$$COPYRT
2025-04-04 05:21:30.712456 - Found $$NOTICE.txt (text/plain) in CBT.V508.FILE165.PDS, moved to PDS/$$NOTICE
2025-04-04 05:21:30.712573 - Found $ASMLINK.jcl (text/plain) in CBT.V508.FILE165.PDS, moved to PDS/$ASMLINK
2025-04-04 05:21:30.712694 - Found $PARMS.txt (text/plain) in CBT.V508.FILE165.PDS, moved to PDS/$PARMS
2025-04-04 05:21:30.712811 - Found #JYRINIT.txt (text/plain) in CBT.V508.FILE165.PDS, moved to PDS/#JYRINIT
2025-04-04 05:21:30.712929 - Found #JYRPROF.txt (text/plain) in CBT.V508.FILE165.PDS, moved to PDS/#JYRPROF
2025-04-04 05:21:30.713049 - Found #JYRUIDS.txt (text/plain) in CBT.V508.FILE165.PDS, moved to PDS/#JYRUIDS
2025-04-04 05:21:30.713165 - Found @FILE165.txt (text/plain) in CBT.V508.FILE165.PDS, moved to PDS/@FILE165
2025-04-04 05:21:30.713283 - Found CJYPCBLK.txt (text/plain) in CBT.V508.FILE165.PDS, moved to PDS/CJYPCBLK
2025-04-04 05:21:30.713425 - Found CJYPDATA.txt (text/plain) in CBT.V508.FILE165.PDS, moved to PDS/CJYPDATA
2025-04-04 05:21:30.713545 - Found CJYRCVT.txt (text/plain) in CBT.V508.FILE165.PDS, moved to PDS/CJYRCVT
2025-04-04 05:21:30.713660 - Found CJYRCVTD.txt (text/plain) in CBT.V508.FILE165.PDS, moved to PDS/CJYRCVTD
2025-04-04 05:21:30.713783 - Found CJYRINIT.txt (text/plain) in CBT.V508.FILE165.PDS, moved to PDS/CJYRINIT
2025-04-04 05:21:30.713971 - Found CJYRPROF.txt (text/plain) in CBT.V508.FILE165.PDS, moved to PDS/CJYRPROF
2025-04-04 05:21:30.714082 - Found CJYRSVCS.txt (text/plain) in CBT.V508.FILE165.PDS, moved to PDS/CJYRSVCS
2025-04-04 05:21:30.714245 - Found CJYRUIDS.txt (text/plain) in CBT.V508.FILE165.PDS, moved to PDS/CJYRUIDS
2025-04-04 05:21:30.714364 - Found CJYUCBLK.txt (text/plain) in CBT.V508.FILE165.PDS, moved to PDS/CJYUCBLK
2025-04-04 05:21:30.714486 - Found CJYUDATA.txt (text/plain) in CBT.V508.FILE165.PDS, moved to PDS/CJYUDATA
2025-04-04 05:21:30.714600 - Found DFHPCT.txt (text/plain) in CBT.V508.FILE165.PDS, moved to PDS/DFHPCT
2025-04-04 05:21:30.714721 - Found DFHSIT.txt (text/plain) in CBT.V508.FILE165.PDS, moved to PDS/DFHSIT
2025-04-04 05:21:30.714833 - Found DFHSNT.txt (text/plain) in CBT.V508.FILE165.PDS, moved to PDS/DFHSNT
2025-04-04 05:21:30.714962 - Found ICHRTX00.txt (text/plain) in CBT.V508.FILE165.PDS, moved to PDS/ICHRTX00
2025-04-04 05:21:30.715084 - Found IEACMD00.txt (text/plain) in CBT.V508.FILE165.PDS, moved to PDS/IEACMD00
2025-04-04 05:21:30.715192 - Found IEFSSN00.txt (text/plain) in CBT.V508.FILE165.PDS, moved to PDS/IEFSSN00
2025-04-04 05:21:30.715301 - Found IGC0013A.txt (text/plain) in CBT.V508.FILE165.PDS, moved to PDS/IGC0013A
2025-04-04 05:21:30.715431 - Found IGC0013C.txt (text/plain) in CBT.V508.FILE165.PDS, moved to PDS/IGC0013C
2025-04-04 05:21:30.715547 - Found IGC00130.txt (text/plain) in CBT.V508.FILE165.PDS, moved to PDS/IGC00130
2025-04-04 05:21:30.715654 - Found RLINK.jcl (text/plain) in CBT.V508.FILE165.PDS, moved to PDS/RLINK
